../Inc/core_cm4.h:1724:22:__NVIC_DisableIRQ	16	static,ignoring_inline_asm
../Src/uart_comprehensive_test.c:22:6:FlushInputBuffer	8	static
../Src/uart_comprehensive_test.c:36:6:USART3_IRQHandler	16	static
../Src/uart_comprehensive_test.c:59:6:UART_ComprehensiveDiagnostics	64	static
../Src/uart_comprehensive_test.c:100:6:Test_BasicFunctions	72	static
../Src/uart_comprehensive_test.c:132:6:Test_AdvancedFunctions	136	static
../Src/uart_comprehensive_test.c:187:6:Test_ErrorHandling	96	static
../Src/uart_comprehensive_test.c:229:6:Test_InterruptFunctions	64	static
../Src/uart_comprehensive_test.c:273:6:Test_ConfigurationFunction	176	static
../Src/uart_comprehensive_test.c:376:6:ShowTestMenu	8	static
../Src/uart_comprehensive_test.c:391:6:RunPerformanceTest	1104	static
../Src/uart_comprehensive_test.c:439:5:test_main	16	static
